InterpretSnapshot:
  isStatus: running / faced statement
  isStackFrames:
    [ StackFrame:
      sfName: main
      sfLoc: test/contracts/constant_as_statement.mligo@14:3-14:33
      sfStack:
        [ StackItem:
          siLigoDesc: elem s of int
          siValue: 0
        , StackItem:
          siLigoDesc: elem get_const of unit -> int
          siValue:
            { PUSH
                (pair
                  (lambda unit string)
                  (lambda unit int)
                  int
                  (lambda string nat)
                  unit
                  int)
                (Pair
                   { PUSH
                       (pair (lambda unit int) int (lambda string nat) unit int)
                       (Pair
                          { PUSH
                              (pair int (lambda string nat) unit int)
                              (Pair
                                 10
                                 (Pair
                                    { PUSH (pair unit int) (Pair Unit 0);
                                      PAIR;
                                      { UNPAIR;
                                        SWAP;
                                        {  };
                                        { { DUP }; SIZE };
                                        DIP { DROP 2 } } }
                                    (Pair Unit 0)));
                            PAIR;
                            { UNPAIR;
                              UNPAIR 3;
                              DIG 3;
                              {  };
                              DUP;
                              {  };
                              DROP 5;
                              PUSH int 42 } }
                          (Pair
                             10
                             (Pair
                                { PUSH (pair unit int) (Pair Unit 0);
                                  PAIR;
                                  { UNPAIR;
                                    SWAP;
                                    {  };
                                    { { DUP }; SIZE };
                                    DIP { DROP 2 } } }
                                (Pair Unit 0))));
                     PAIR;
                     { UNPAIR;
                       UNPAIR 4;
                       DIG 4;
                       {  };
                       DUP;
                       {  };
                       DROP 6;
                       PUSH string "100" } }
                   (Pair
                      { PUSH
                          (pair int (lambda string nat) unit int)
                          (Pair
                             10
                             (Pair
                                { PUSH (pair unit int) (Pair Unit 0);
                                  PAIR;
                                  { UNPAIR;
                                    SWAP;
                                    {  };
                                    { { DUP }; SIZE };
                                    DIP { DROP 2 } } }
                                (Pair Unit 0)));
                        PAIR;
                        { UNPAIR;
                          UNPAIR 3;
                          DIG 3;
                          {  };
                          DUP;
                          {  };
                          DROP 5;
                          PUSH int 42 } }
                      (Pair
                         10
                         (Pair
                            { PUSH (pair unit int) (Pair Unit 0);
                              PAIR;
                              { UNPAIR;
                                SWAP;
                                {  };
                                { { DUP }; SIZE };
                                DIP { DROP 2 } } }
                            (Pair Unit 0)))));
              PAIR;
              { UNPAIR;
                UNPAIR 5;
                DIG 5;
                {  };
                DUP;
                {  };
                DUP 5;
                DIP { DROP 7 } } }
        , StackItem:
          siLigoDesc: elem get_verbatim of unit -> string
          siValue:
            { PUSH
                (pair (lambda unit int) int (lambda string nat) unit int)
                (Pair
                   { PUSH
                       (pair int (lambda string nat) unit int)
                       (Pair
                          10
                          (Pair
                             { PUSH (pair unit int) (Pair Unit 0);
                               PAIR;
                               { UNPAIR;
                                 SWAP;
                                 {  };
                                 { { DUP }; SIZE };
                                 DIP { DROP 2 } } }
                             (Pair Unit 0)));
                     PAIR;
                     { UNPAIR;
                       UNPAIR 3;
                       DIG 3;
                       {  };
                       DUP;
                       {  };
                       DROP 5;
                       PUSH int 42 } }
                   (Pair
                      10
                      (Pair
                         { PUSH (pair unit int) (Pair Unit 0);
                           PAIR;
                           { UNPAIR;
                             SWAP;
                             {  };
                             { { DUP }; SIZE };
                             DIP { DROP 2 } } }
                         (Pair Unit 0))));
              PAIR;
              { UNPAIR;
                UNPAIR 4;
                DIG 4;
                {  };
                DUP;
                {  };
                DROP 6;
                PUSH string "100" } }
        , StackItem:
          siLigoDesc: elem get_val of unit -> int
          siValue:
            { PUSH
                (pair int (lambda string nat) unit int)
                (Pair
                   10
                   (Pair
                      { PUSH (pair unit int) (Pair Unit 0);
                        PAIR;
                        { UNPAIR;
                          SWAP;
                          {  };
                          { { DUP }; SIZE };
                          DIP { DROP 2 } } }
                      (Pair Unit 0)));
              PAIR;
              { UNPAIR;
                UNPAIR 3;
                DIG 3;
                {  };
                DUP;
                {  };
                DROP 5;
                PUSH int 42 } }
        , StackItem:
          siLigoDesc: elem EURO.some_const of int
          siValue: 10
        , StackItem:
          siLigoDesc: elem String.length of string -> nat
          siValue:
            { PUSH (pair unit int) (Pair Unit 0);
              PAIR;
              { UNPAIR; SWAP; {  }; { { DUP }; SIZE }; DIP { DROP 2 } } } ] ]
InterpretSnapshot:
  isStatus: running / upon function call
  isStackFrames:
    [ StackFrame:
      sfName: main
      sfLoc: test/contracts/constant_as_statement.mligo@14:18-14:33
      sfStack:
        [ StackItem:
          siLigoDesc: elem s of int
          siValue: 0
        , StackItem:
          siLigoDesc: elem get_const of unit -> int
          siValue:
            { PUSH
                (pair
                  (lambda unit string)
                  (lambda unit int)
                  int
                  (lambda string nat)
                  unit
                  int)
                (Pair
                   { PUSH
                       (pair (lambda unit int) int (lambda string nat) unit int)
                       (Pair
                          { PUSH
                              (pair int (lambda string nat) unit int)
                              (Pair
                                 10
                                 (Pair
                                    { PUSH (pair unit int) (Pair Unit 0);
                                      PAIR;
                                      { UNPAIR;
                                        SWAP;
                                        {  };
                                        { { DUP }; SIZE };
                                        DIP { DROP 2 } } }
                                    (Pair Unit 0)));
                            PAIR;
                            { UNPAIR;
                              UNPAIR 3;
                              DIG 3;
                              {  };
                              DUP;
                              {  };
                              DROP 5;
                              PUSH int 42 } }
                          (Pair
                             10
                             (Pair
                                { PUSH (pair unit int) (Pair Unit 0);
                                  PAIR;
                                  { UNPAIR;
                                    SWAP;
                                    {  };
                                    { { DUP }; SIZE };
                                    DIP { DROP 2 } } }
                                (Pair Unit 0))));
                     PAIR;
                     { UNPAIR;
                       UNPAIR 4;
                       DIG 4;
                       {  };
                       DUP;
                       {  };
                       DROP 6;
                       PUSH string "100" } }
                   (Pair
                      { PUSH
                          (pair int (lambda string nat) unit int)
                          (Pair
                             10
                             (Pair
                                { PUSH (pair unit int) (Pair Unit 0);
                                  PAIR;
                                  { UNPAIR;
                                    SWAP;
                                    {  };
                                    { { DUP }; SIZE };
                                    DIP { DROP 2 } } }
                                (Pair Unit 0)));
                        PAIR;
                        { UNPAIR;
                          UNPAIR 3;
                          DIG 3;
                          {  };
                          DUP;
                          {  };
                          DROP 5;
                          PUSH int 42 } }
                      (Pair
                         10
                         (Pair
                            { PUSH (pair unit int) (Pair Unit 0);
                              PAIR;
                              { UNPAIR;
                                SWAP;
                                {  };
                                { { DUP }; SIZE };
                                DIP { DROP 2 } } }
                            (Pair Unit 0)))));
              PAIR;
              { UNPAIR;
                UNPAIR 5;
                DIG 5;
                {  };
                DUP;
                {  };
                DUP 5;
                DIP { DROP 7 } } }
        , StackItem:
          siLigoDesc: elem get_verbatim of unit -> string
          siValue:
            { PUSH
                (pair (lambda unit int) int (lambda string nat) unit int)
                (Pair
                   { PUSH
                       (pair int (lambda string nat) unit int)
                       (Pair
                          10
                          (Pair
                             { PUSH (pair unit int) (Pair Unit 0);
                               PAIR;
                               { UNPAIR;
                                 SWAP;
                                 {  };
                                 { { DUP }; SIZE };
                                 DIP { DROP 2 } } }
                             (Pair Unit 0)));
                     PAIR;
                     { UNPAIR;
                       UNPAIR 3;
                       DIG 3;
                       {  };
                       DUP;
                       {  };
                       DROP 5;
                       PUSH int 42 } }
                   (Pair
                      10
                      (Pair
                         { PUSH (pair unit int) (Pair Unit 0);
                           PAIR;
                           { UNPAIR;
                             SWAP;
                             {  };
                             { { DUP }; SIZE };
                             DIP { DROP 2 } } }
                         (Pair Unit 0))));
              PAIR;
              { UNPAIR;
                UNPAIR 4;
                DIG 4;
                {  };
                DUP;
                {  };
                DROP 6;
                PUSH string "100" } }
        , StackItem:
          siLigoDesc: elem get_val of unit -> int
          siValue:
            { PUSH
                (pair int (lambda string nat) unit int)
                (Pair
                   10
                   (Pair
                      { PUSH (pair unit int) (Pair Unit 0);
                        PAIR;
                        { UNPAIR;
                          SWAP;
                          {  };
                          { { DUP }; SIZE };
                          DIP { DROP 2 } } }
                      (Pair Unit 0)));
              PAIR;
              { UNPAIR;
                UNPAIR 3;
                DIG 3;
                {  };
                DUP;
                {  };
                DROP 5;
                PUSH int 42 } }
        , StackItem:
          siLigoDesc: elem EURO.some_const of int
          siValue: 10
        , StackItem:
          siLigoDesc: elem String.length of string -> nat
          siValue:
            { PUSH (pair unit int) (Pair Unit 0);
              PAIR;
              { UNPAIR; SWAP; {  }; { { DUP }; SIZE }; DIP { DROP 2 } } } ] ]
InterpretSnapshot:
  isStatus: running / faced statement
  isStackFrames:
    [ StackFrame:
      sfName: main
      sfLoc: test/contracts/constant_as_statement.mligo@15:3-18:17
      sfStack:
        [ StackItem:
          siLigoDesc: elem some_int of (None of (unit) | Some of (int))
          siValue: Some 993
        , StackItem:
          siLigoDesc: elem s of int
          siValue: 0
        , StackItem:
          siLigoDesc: elem get_const of unit -> int
          siValue:
            { PUSH
                (pair
                  (lambda unit string)
                  (lambda unit int)
                  int
                  (lambda string nat)
                  unit
                  int)
                (Pair
                   { PUSH
                       (pair (lambda unit int) int (lambda string nat) unit int)
                       (Pair
                          { PUSH
                              (pair int (lambda string nat) unit int)
                              (Pair
                                 10
                                 (Pair
                                    { PUSH (pair unit int) (Pair Unit 0);
                                      PAIR;
                                      { UNPAIR;
                                        SWAP;
                                        {  };
                                        { { DUP }; SIZE };
                                        DIP { DROP 2 } } }
                                    (Pair Unit 0)));
                            PAIR;
                            { UNPAIR;
                              UNPAIR 3;
                              DIG 3;
                              {  };
                              DUP;
                              {  };
                              DROP 5;
                              PUSH int 42 } }
                          (Pair
                             10
                             (Pair
                                { PUSH (pair unit int) (Pair Unit 0);
                                  PAIR;
                                  { UNPAIR;
                                    SWAP;
                                    {  };
                                    { { DUP }; SIZE };
                                    DIP { DROP 2 } } }
                                (Pair Unit 0))));
                     PAIR;
                     { UNPAIR;
                       UNPAIR 4;
                       DIG 4;
                       {  };
                       DUP;
                       {  };
                       DROP 6;
                       PUSH string "100" } }
                   (Pair
                      { PUSH
                          (pair int (lambda string nat) unit int)
                          (Pair
                             10
                             (Pair
                                { PUSH (pair unit int) (Pair Unit 0);
                                  PAIR;
                                  { UNPAIR;
                                    SWAP;
                                    {  };
                                    { { DUP }; SIZE };
                                    DIP { DROP 2 } } }
                                (Pair Unit 0)));
                        PAIR;
                        { UNPAIR;
                          UNPAIR 3;
                          DIG 3;
                          {  };
                          DUP;
                          {  };
                          DROP 5;
                          PUSH int 42 } }
                      (Pair
                         10
                         (Pair
                            { PUSH (pair unit int) (Pair Unit 0);
                              PAIR;
                              { UNPAIR;
                                SWAP;
                                {  };
                                { { DUP }; SIZE };
                                DIP { DROP 2 } } }
                            (Pair Unit 0)))));
              PAIR;
              { UNPAIR;
                UNPAIR 5;
                DIG 5;
                {  };
                DUP;
                {  };
                DUP 5;
                DIP { DROP 7 } } }
        , StackItem:
          siLigoDesc: elem get_verbatim of unit -> string
          siValue:
            { PUSH
                (pair (lambda unit int) int (lambda string nat) unit int)
                (Pair
                   { PUSH
                       (pair int (lambda string nat) unit int)
                       (Pair
                          10
                          (Pair
                             { PUSH (pair unit int) (Pair Unit 0);
                               PAIR;
                               { UNPAIR;
                                 SWAP;
                                 {  };
                                 { { DUP }; SIZE };
                                 DIP { DROP 2 } } }
                             (Pair Unit 0)));
                     PAIR;
                     { UNPAIR;
                       UNPAIR 3;
                       DIG 3;
                       {  };
                       DUP;
                       {  };
                       DROP 5;
                       PUSH int 42 } }
                   (Pair
                      10
                      (Pair
                         { PUSH (pair unit int) (Pair Unit 0);
                           PAIR;
                           { UNPAIR;
                             SWAP;
                             {  };
                             { { DUP }; SIZE };
                             DIP { DROP 2 } } }
                         (Pair Unit 0))));
              PAIR;
              { UNPAIR;
                UNPAIR 4;
                DIG 4;
                {  };
                DUP;
                {  };
                DROP 6;
                PUSH string "100" } }
        , StackItem:
          siLigoDesc: elem get_val of unit -> int
          siValue:
            { PUSH
                (pair int (lambda string nat) unit int)
                (Pair
                   10
                   (Pair
                      { PUSH (pair unit int) (Pair Unit 0);
                        PAIR;
                        { UNPAIR;
                          SWAP;
                          {  };
                          { { DUP }; SIZE };
                          DIP { DROP 2 } } }
                      (Pair Unit 0)));
              PAIR;
              { UNPAIR;
                UNPAIR 3;
                DIG 3;
                {  };
                DUP;
                {  };
                DROP 5;
                PUSH int 42 } }
        , StackItem:
          siLigoDesc: elem EURO.some_const of int
          siValue: 10
        , StackItem:
          siLigoDesc: elem String.length of string -> nat
          siValue:
            { PUSH (pair unit int) (Pair Unit 0);
              PAIR;
              { UNPAIR; SWAP; {  }; { { DUP }; SIZE }; DIP { DROP 2 } } } ] ]
InterpretSnapshot:
  isStatus: running / faced statement
  isStackFrames:
    [ StackFrame:
      sfName: main
      sfLoc: test/contracts/constant_as_statement.mligo@16:11-16:19
      sfStack:
        [ StackItem:
          siLigoDesc: elem some_int of (None of (unit) | Some of (int))
          siValue: Some 993
        , StackItem:
          siLigoDesc: elem s of int
          siValue: 0
        , StackItem:
          siLigoDesc: elem get_const of unit -> int
          siValue:
            { PUSH
                (pair
                  (lambda unit string)
                  (lambda unit int)
                  int
                  (lambda string nat)
                  unit
                  int)
                (Pair
                   { PUSH
                       (pair (lambda unit int) int (lambda string nat) unit int)
                       (Pair
                          { PUSH
                              (pair int (lambda string nat) unit int)
                              (Pair
                                 10
                                 (Pair
                                    { PUSH (pair unit int) (Pair Unit 0);
                                      PAIR;
                                      { UNPAIR;
                                        SWAP;
                                        {  };
                                        { { DUP }; SIZE };
                                        DIP { DROP 2 } } }
                                    (Pair Unit 0)));
                            PAIR;
                            { UNPAIR;
                              UNPAIR 3;
                              DIG 3;
                              {  };
                              DUP;
                              {  };
                              DROP 5;
                              PUSH int 42 } }
                          (Pair
                             10
                             (Pair
                                { PUSH (pair unit int) (Pair Unit 0);
                                  PAIR;
                                  { UNPAIR;
                                    SWAP;
                                    {  };
                                    { { DUP }; SIZE };
                                    DIP { DROP 2 } } }
                                (Pair Unit 0))));
                     PAIR;
                     { UNPAIR;
                       UNPAIR 4;
                       DIG 4;
                       {  };
                       DUP;
                       {  };
                       DROP 6;
                       PUSH string "100" } }
                   (Pair
                      { PUSH
                          (pair int (lambda string nat) unit int)
                          (Pair
                             10
                             (Pair
                                { PUSH (pair unit int) (Pair Unit 0);
                                  PAIR;
                                  { UNPAIR;
                                    SWAP;
                                    {  };
                                    { { DUP }; SIZE };
                                    DIP { DROP 2 } } }
                                (Pair Unit 0)));
                        PAIR;
                        { UNPAIR;
                          UNPAIR 3;
                          DIG 3;
                          {  };
                          DUP;
                          {  };
                          DROP 5;
                          PUSH int 42 } }
                      (Pair
                         10
                         (Pair
                            { PUSH (pair unit int) (Pair Unit 0);
                              PAIR;
                              { UNPAIR;
                                SWAP;
                                {  };
                                { { DUP }; SIZE };
                                DIP { DROP 2 } } }
                            (Pair Unit 0)))));
              PAIR;
              { UNPAIR;
                UNPAIR 5;
                DIG 5;
                {  };
                DUP;
                {  };
                DUP 5;
                DIP { DROP 7 } } }
        , StackItem:
          siLigoDesc: elem get_verbatim of unit -> string
          siValue:
            { PUSH
                (pair (lambda unit int) int (lambda string nat) unit int)
                (Pair
                   { PUSH
                       (pair int (lambda string nat) unit int)
                       (Pair
                          10
                          (Pair
                             { PUSH (pair unit int) (Pair Unit 0);
                               PAIR;
                               { UNPAIR;
                                 SWAP;
                                 {  };
                                 { { DUP }; SIZE };
                                 DIP { DROP 2 } } }
                             (Pair Unit 0)));
                     PAIR;
                     { UNPAIR;
                       UNPAIR 3;
                       DIG 3;
                       {  };
                       DUP;
                       {  };
                       DROP 5;
                       PUSH int 42 } }
                   (Pair
                      10
                      (Pair
                         { PUSH (pair unit int) (Pair Unit 0);
                           PAIR;
                           { UNPAIR;
                             SWAP;
                             {  };
                             { { DUP }; SIZE };
                             DIP { DROP 2 } } }
                         (Pair Unit 0))));
              PAIR;
              { UNPAIR;
                UNPAIR 4;
                DIG 4;
                {  };
                DUP;
                {  };
                DROP 6;
                PUSH string "100" } }
        , StackItem:
          siLigoDesc: elem get_val of unit -> int
          siValue:
            { PUSH
                (pair int (lambda string nat) unit int)
                (Pair
                   10
                   (Pair
                      { PUSH (pair unit int) (Pair Unit 0);
                        PAIR;
                        { UNPAIR;
                          SWAP;
                          {  };
                          { { DUP }; SIZE };
                          DIP { DROP 2 } } }
                      (Pair Unit 0)));
              PAIR;
              { UNPAIR;
                UNPAIR 3;
                DIG 3;
                {  };
                DUP;
                {  };
                DROP 5;
                PUSH int 42 } }
        , StackItem:
          siLigoDesc: elem EURO.some_const of int
          siValue: 10
        , StackItem:
          siLigoDesc: elem String.length of string -> nat
          siValue:
            { PUSH (pair unit int) (Pair Unit 0);
              PAIR;
              { UNPAIR; SWAP; {  }; { { DUP }; SIZE }; DIP { DROP 2 } } } ] ]
InterpretSnapshot:
  isStatus: running / faced statement
  isStackFrames:
    [ StackFrame:
      sfName: main
      sfLoc: test/contracts/constant_as_statement.mligo@17:17-17:20
      sfStack:
        [ StackItem:
          siLigoDesc: elem some_int of (None of (unit) | Some of (int))
          siValue: Some 993
        , StackItem:
          siLigoDesc: elem s of int
          siValue: 0
        , StackItem:
          siLigoDesc: elem get_const of unit -> int
          siValue:
            { PUSH
                (pair
                  (lambda unit string)
                  (lambda unit int)
                  int
                  (lambda string nat)
                  unit
                  int)
                (Pair
                   { PUSH
                       (pair (lambda unit int) int (lambda string nat) unit int)
                       (Pair
                          { PUSH
                              (pair int (lambda string nat) unit int)
                              (Pair
                                 10
                                 (Pair
                                    { PUSH (pair unit int) (Pair Unit 0);
                                      PAIR;
                                      { UNPAIR;
                                        SWAP;
                                        {  };
                                        { { DUP }; SIZE };
                                        DIP { DROP 2 } } }
                                    (Pair Unit 0)));
                            PAIR;
                            { UNPAIR;
                              UNPAIR 3;
                              DIG 3;
                              {  };
                              DUP;
                              {  };
                              DROP 5;
                              PUSH int 42 } }
                          (Pair
                             10
                             (Pair
                                { PUSH (pair unit int) (Pair Unit 0);
                                  PAIR;
                                  { UNPAIR;
                                    SWAP;
                                    {  };
                                    { { DUP }; SIZE };
                                    DIP { DROP 2 } } }
                                (Pair Unit 0))));
                     PAIR;
                     { UNPAIR;
                       UNPAIR 4;
                       DIG 4;
                       {  };
                       DUP;
                       {  };
                       DROP 6;
                       PUSH string "100" } }
                   (Pair
                      { PUSH
                          (pair int (lambda string nat) unit int)
                          (Pair
                             10
                             (Pair
                                { PUSH (pair unit int) (Pair Unit 0);
                                  PAIR;
                                  { UNPAIR;
                                    SWAP;
                                    {  };
                                    { { DUP }; SIZE };
                                    DIP { DROP 2 } } }
                                (Pair Unit 0)));
                        PAIR;
                        { UNPAIR;
                          UNPAIR 3;
                          DIG 3;
                          {  };
                          DUP;
                          {  };
                          DROP 5;
                          PUSH int 42 } }
                      (Pair
                         10
                         (Pair
                            { PUSH (pair unit int) (Pair Unit 0);
                              PAIR;
                              { UNPAIR;
                                SWAP;
                                {  };
                                { { DUP }; SIZE };
                                DIP { DROP 2 } } }
                            (Pair Unit 0)))));
              PAIR;
              { UNPAIR;
                UNPAIR 5;
                DIG 5;
                {  };
                DUP;
                {  };
                DUP 5;
                DIP { DROP 7 } } }
        , StackItem:
          siLigoDesc: elem get_verbatim of unit -> string
          siValue:
            { PUSH
                (pair (lambda unit int) int (lambda string nat) unit int)
                (Pair
                   { PUSH
                       (pair int (lambda string nat) unit int)
                       (Pair
                          10
                          (Pair
                             { PUSH (pair unit int) (Pair Unit 0);
                               PAIR;
                               { UNPAIR;
                                 SWAP;
                                 {  };
                                 { { DUP }; SIZE };
                                 DIP { DROP 2 } } }
                             (Pair Unit 0)));
                     PAIR;
                     { UNPAIR;
                       UNPAIR 3;
                       DIG 3;
                       {  };
                       DUP;
                       {  };
                       DROP 5;
                       PUSH int 42 } }
                   (Pair
                      10
                      (Pair
                         { PUSH (pair unit int) (Pair Unit 0);
                           PAIR;
                           { UNPAIR;
                             SWAP;
                             {  };
                             { { DUP }; SIZE };
                             DIP { DROP 2 } } }
                         (Pair Unit 0))));
              PAIR;
              { UNPAIR;
                UNPAIR 4;
                DIG 4;
                {  };
                DUP;
                {  };
                DROP 6;
                PUSH string "100" } }
        , StackItem:
          siLigoDesc: elem get_val of unit -> int
          siValue:
            { PUSH
                (pair int (lambda string nat) unit int)
                (Pair
                   10
                   (Pair
                      { PUSH (pair unit int) (Pair Unit 0);
                        PAIR;
                        { UNPAIR;
                          SWAP;
                          {  };
                          { { DUP }; SIZE };
                          DIP { DROP 2 } } }
                      (Pair Unit 0)));
              PAIR;
              { UNPAIR;
                UNPAIR 3;
                DIG 3;
                {  };
                DUP;
                {  };
                DROP 5;
                PUSH int 42 } }
        , StackItem:
          siLigoDesc: elem EURO.some_const of int
          siValue: 10
        , StackItem:
          siLigoDesc: elem String.length of string -> nat
          siValue:
            { PUSH (pair unit int) (Pair Unit 0);
              PAIR;
              { UNPAIR; SWAP; {  }; { { DUP }; SIZE }; DIP { DROP 2 } } } ] ]
InterpretSnapshot:
  isStatus: running / faced statement
  isStackFrames:
    [ StackFrame:
      sfName: main
      sfLoc: test/contracts/constant_as_statement.mligo@20:3-20:13
      sfStack:
        [ StackItem:
          siLigoDesc: elem res of int
          siValue: 100
        , StackItem:
          siLigoDesc: elem some_int of (None of (unit) | Some of (int))
          siValue: Some 993
        , StackItem:
          siLigoDesc: elem s of int
          siValue: 0
        , StackItem:
          siLigoDesc: elem get_const of unit -> int
          siValue:
            { PUSH
                (pair
                  (lambda unit string)
                  (lambda unit int)
                  int
                  (lambda string nat)
                  unit
                  int)
                (Pair
                   { PUSH
                       (pair (lambda unit int) int (lambda string nat) unit int)
                       (Pair
                          { PUSH
                              (pair int (lambda string nat) unit int)
                              (Pair
                                 10
                                 (Pair
                                    { PUSH (pair unit int) (Pair Unit 0);
                                      PAIR;
                                      { UNPAIR;
                                        SWAP;
                                        {  };
                                        { { DUP }; SIZE };
                                        DIP { DROP 2 } } }
                                    (Pair Unit 0)));
                            PAIR;
                            { UNPAIR;
                              UNPAIR 3;
                              DIG 3;
                              {  };
                              DUP;
                              {  };
                              DROP 5;
                              PUSH int 42 } }
                          (Pair
                             10
                             (Pair
                                { PUSH (pair unit int) (Pair Unit 0);
                                  PAIR;
                                  { UNPAIR;
                                    SWAP;
                                    {  };
                                    { { DUP }; SIZE };
                                    DIP { DROP 2 } } }
                                (Pair Unit 0))));
                     PAIR;
                     { UNPAIR;
                       UNPAIR 4;
                       DIG 4;
                       {  };
                       DUP;
                       {  };
                       DROP 6;
                       PUSH string "100" } }
                   (Pair
                      { PUSH
                          (pair int (lambda string nat) unit int)
                          (Pair
                             10
                             (Pair
                                { PUSH (pair unit int) (Pair Unit 0);
                                  PAIR;
                                  { UNPAIR;
                                    SWAP;
                                    {  };
                                    { { DUP }; SIZE };
                                    DIP { DROP 2 } } }
                                (Pair Unit 0)));
                        PAIR;
                        { UNPAIR;
                          UNPAIR 3;
                          DIG 3;
                          {  };
                          DUP;
                          {  };
                          DROP 5;
                          PUSH int 42 } }
                      (Pair
                         10
                         (Pair
                            { PUSH (pair unit int) (Pair Unit 0);
                              PAIR;
                              { UNPAIR;
                                SWAP;
                                {  };
                                { { DUP }; SIZE };
                                DIP { DROP 2 } } }
                            (Pair Unit 0)))));
              PAIR;
              { UNPAIR;
                UNPAIR 5;
                DIG 5;
                {  };
                DUP;
                {  };
                DUP 5;
                DIP { DROP 7 } } }
        , StackItem:
          siLigoDesc: elem get_verbatim of unit -> string
          siValue:
            { PUSH
                (pair (lambda unit int) int (lambda string nat) unit int)
                (Pair
                   { PUSH
                       (pair int (lambda string nat) unit int)
                       (Pair
                          10
                          (Pair
                             { PUSH (pair unit int) (Pair Unit 0);
                               PAIR;
                               { UNPAIR;
                                 SWAP;
                                 {  };
                                 { { DUP }; SIZE };
                                 DIP { DROP 2 } } }
                             (Pair Unit 0)));
                     PAIR;
                     { UNPAIR;
                       UNPAIR 3;
                       DIG 3;
                       {  };
                       DUP;
                       {  };
                       DROP 5;
                       PUSH int 42 } }
                   (Pair
                      10
                      (Pair
                         { PUSH (pair unit int) (Pair Unit 0);
                           PAIR;
                           { UNPAIR;
                             SWAP;
                             {  };
                             { { DUP }; SIZE };
                             DIP { DROP 2 } } }
                         (Pair Unit 0))));
              PAIR;
              { UNPAIR;
                UNPAIR 4;
                DIG 4;
                {  };
                DUP;
                {  };
                DROP 6;
                PUSH string "100" } }
        , StackItem:
          siLigoDesc: elem get_val of unit -> int
          siValue:
            { PUSH
                (pair int (lambda string nat) unit int)
                (Pair
                   10
                   (Pair
                      { PUSH (pair unit int) (Pair Unit 0);
                        PAIR;
                        { UNPAIR;
                          SWAP;
                          {  };
                          { { DUP }; SIZE };
                          DIP { DROP 2 } } }
                      (Pair Unit 0)));
              PAIR;
              { UNPAIR;
                UNPAIR 3;
                DIG 3;
                {  };
                DUP;
                {  };
                DROP 5;
                PUSH int 42 } }
        , StackItem:
          siLigoDesc: elem EURO.some_const of int
          siValue: 10
        , StackItem:
          siLigoDesc: elem String.length of string -> nat
          siValue:
            { PUSH (pair unit int) (Pair Unit 0);
              PAIR;
              { UNPAIR; SWAP; {  }; { { DUP }; SIZE }; DIP { DROP 2 } } } ] ]
InterpretSnapshot:
  isStatus: running / faced statement
  isStackFrames:
    [ StackFrame:
      sfName: main
      sfLoc: test/contracts/constant_as_statement.mligo@21:3-21:97
      sfStack:
        [ StackItem:
          siLigoDesc: elem y of int
          siValue: 12
        , StackItem:
          siLigoDesc: elem res of int
          siValue: 100
        , StackItem:
          siLigoDesc: elem some_int of (None of (unit) | Some of (int))
          siValue: Some 993
        , StackItem:
          siLigoDesc: elem s of int
          siValue: 0
        , StackItem:
          siLigoDesc: elem get_const of unit -> int
          siValue:
            { PUSH
                (pair
                  (lambda unit string)
                  (lambda unit int)
                  int
                  (lambda string nat)
                  unit
                  int)
                (Pair
                   { PUSH
                       (pair (lambda unit int) int (lambda string nat) unit int)
                       (Pair
                          { PUSH
                              (pair int (lambda string nat) unit int)
                              (Pair
                                 10
                                 (Pair
                                    { PUSH (pair unit int) (Pair Unit 0);
                                      PAIR;
                                      { UNPAIR;
                                        SWAP;
                                        {  };
                                        { { DUP }; SIZE };
                                        DIP { DROP 2 } } }
                                    (Pair Unit 0)));
                            PAIR;
                            { UNPAIR;
                              UNPAIR 3;
                              DIG 3;
                              {  };
                              DUP;
                              {  };
                              DROP 5;
                              PUSH int 42 } }
                          (Pair
                             10
                             (Pair
                                { PUSH (pair unit int) (Pair Unit 0);
                                  PAIR;
                                  { UNPAIR;
                                    SWAP;
                                    {  };
                                    { { DUP }; SIZE };
                                    DIP { DROP 2 } } }
                                (Pair Unit 0))));
                     PAIR;
                     { UNPAIR;
                       UNPAIR 4;
                       DIG 4;
                       {  };
                       DUP;
                       {  };
                       DROP 6;
                       PUSH string "100" } }
                   (Pair
                      { PUSH
                          (pair int (lambda string nat) unit int)
                          (Pair
                             10
                             (Pair
                                { PUSH (pair unit int) (Pair Unit 0);
                                  PAIR;
                                  { UNPAIR;
                                    SWAP;
                                    {  };
                                    { { DUP }; SIZE };
                                    DIP { DROP 2 } } }
                                (Pair Unit 0)));
                        PAIR;
                        { UNPAIR;
                          UNPAIR 3;
                          DIG 3;
                          {  };
                          DUP;
                          {  };
                          DROP 5;
                          PUSH int 42 } }
                      (Pair
                         10
                         (Pair
                            { PUSH (pair unit int) (Pair Unit 0);
                              PAIR;
                              { UNPAIR;
                                SWAP;
                                {  };
                                { { DUP }; SIZE };
                                DIP { DROP 2 } } }
                            (Pair Unit 0)))));
              PAIR;
              { UNPAIR;
                UNPAIR 5;
                DIG 5;
                {  };
                DUP;
                {  };
                DUP 5;
                DIP { DROP 7 } } }
        , StackItem:
          siLigoDesc: elem get_verbatim of unit -> string
          siValue:
            { PUSH
                (pair (lambda unit int) int (lambda string nat) unit int)
                (Pair
                   { PUSH
                       (pair int (lambda string nat) unit int)
                       (Pair
                          10
                          (Pair
                             { PUSH (pair unit int) (Pair Unit 0);
                               PAIR;
                               { UNPAIR;
                                 SWAP;
                                 {  };
                                 { { DUP }; SIZE };
                                 DIP { DROP 2 } } }
                             (Pair Unit 0)));
                     PAIR;
                     { UNPAIR;
                       UNPAIR 3;
                       DIG 3;
                       {  };
                       DUP;
                       {  };
                       DROP 5;
                       PUSH int 42 } }
                   (Pair
                      10
                      (Pair
                         { PUSH (pair unit int) (Pair Unit 0);
                           PAIR;
                           { UNPAIR;
                             SWAP;
                             {  };
                             { { DUP }; SIZE };
                             DIP { DROP 2 } } }
                         (Pair Unit 0))));
              PAIR;
              { UNPAIR;
                UNPAIR 4;
                DIG 4;
                {  };
                DUP;
                {  };
                DROP 6;
                PUSH string "100" } }
        , StackItem:
          siLigoDesc: elem get_val of unit -> int
          siValue:
            { PUSH
                (pair int (lambda string nat) unit int)
                (Pair
                   10
                   (Pair
                      { PUSH (pair unit int) (Pair Unit 0);
                        PAIR;
                        { UNPAIR;
                          SWAP;
                          {  };
                          { { DUP }; SIZE };
                          DIP { DROP 2 } } }
                      (Pair Unit 0)));
              PAIR;
              { UNPAIR;
                UNPAIR 3;
                DIG 3;
                {  };
                DUP;
                {  };
                DROP 5;
                PUSH int 42 } }
        , StackItem:
          siLigoDesc: elem EURO.some_const of int
          siValue: 10
        , StackItem:
          siLigoDesc: elem String.length of string -> nat
          siValue:
            { PUSH (pair unit int) (Pair Unit 0);
              PAIR;
              { UNPAIR; SWAP; {  }; { { DUP }; SIZE }; DIP { DROP 2 } } } ] ]
InterpretSnapshot:
  isStatus: running / upon function call
  isStackFrames:
    [ StackFrame:
      sfName: main
      sfLoc: test/contracts/constant_as_statement.mligo@21:85-21:96
      sfStack:
        [ StackItem:
          siLigoDesc: elem y of int
          siValue: 12
        , StackItem:
          siLigoDesc: elem res of int
          siValue: 100
        , StackItem:
          siLigoDesc: elem some_int of (None of (unit) | Some of (int))
          siValue: Some 993
        , StackItem:
          siLigoDesc: elem s of int
          siValue: 0
        , StackItem:
          siLigoDesc: elem get_const of unit -> int
          siValue:
            { PUSH
                (pair
                  (lambda unit string)
                  (lambda unit int)
                  int
                  (lambda string nat)
                  unit
                  int)
                (Pair
                   { PUSH
                       (pair (lambda unit int) int (lambda string nat) unit int)
                       (Pair
                          { PUSH
                              (pair int (lambda string nat) unit int)
                              (Pair
                                 10
                                 (Pair
                                    { PUSH (pair unit int) (Pair Unit 0);
                                      PAIR;
                                      { UNPAIR;
                                        SWAP;
                                        {  };
                                        { { DUP }; SIZE };
                                        DIP { DROP 2 } } }
                                    (Pair Unit 0)));
                            PAIR;
                            { UNPAIR;
                              UNPAIR 3;
                              DIG 3;
                              {  };
                              DUP;
                              {  };
                              DROP 5;
                              PUSH int 42 } }
                          (Pair
                             10
                             (Pair
                                { PUSH (pair unit int) (Pair Unit 0);
                                  PAIR;
                                  { UNPAIR;
                                    SWAP;
                                    {  };
                                    { { DUP }; SIZE };
                                    DIP { DROP 2 } } }
                                (Pair Unit 0))));
                     PAIR;
                     { UNPAIR;
                       UNPAIR 4;
                       DIG 4;
                       {  };
                       DUP;
                       {  };
                       DROP 6;
                       PUSH string "100" } }
                   (Pair
                      { PUSH
                          (pair int (lambda string nat) unit int)
                          (Pair
                             10
                             (Pair
                                { PUSH (pair unit int) (Pair Unit 0);
                                  PAIR;
                                  { UNPAIR;
                                    SWAP;
                                    {  };
                                    { { DUP }; SIZE };
                                    DIP { DROP 2 } } }
                                (Pair Unit 0)));
                        PAIR;
                        { UNPAIR;
                          UNPAIR 3;
                          DIG 3;
                          {  };
                          DUP;
                          {  };
                          DROP 5;
                          PUSH int 42 } }
                      (Pair
                         10
                         (Pair
                            { PUSH (pair unit int) (Pair Unit 0);
                              PAIR;
                              { UNPAIR;
                                SWAP;
                                {  };
                                { { DUP }; SIZE };
                                DIP { DROP 2 } } }
                            (Pair Unit 0)))));
              PAIR;
              { UNPAIR;
                UNPAIR 5;
                DIG 5;
                {  };
                DUP;
                {  };
                DUP 5;
                DIP { DROP 7 } } }
        , StackItem:
          siLigoDesc: elem get_verbatim of unit -> string
          siValue:
            { PUSH
                (pair (lambda unit int) int (lambda string nat) unit int)
                (Pair
                   { PUSH
                       (pair int (lambda string nat) unit int)
                       (Pair
                          10
                          (Pair
                             { PUSH (pair unit int) (Pair Unit 0);
                               PAIR;
                               { UNPAIR;
                                 SWAP;
                                 {  };
                                 { { DUP }; SIZE };
                                 DIP { DROP 2 } } }
                             (Pair Unit 0)));
                     PAIR;
                     { UNPAIR;
                       UNPAIR 3;
                       DIG 3;
                       {  };
                       DUP;
                       {  };
                       DROP 5;
                       PUSH int 42 } }
                   (Pair
                      10
                      (Pair
                         { PUSH (pair unit int) (Pair Unit 0);
                           PAIR;
                           { UNPAIR;
                             SWAP;
                             {  };
                             { { DUP }; SIZE };
                             DIP { DROP 2 } } }
                         (Pair Unit 0))));
              PAIR;
              { UNPAIR;
                UNPAIR 4;
                DIG 4;
                {  };
                DUP;
                {  };
                DROP 6;
                PUSH string "100" } }
        , StackItem:
          siLigoDesc: elem get_val of unit -> int
          siValue:
            { PUSH
                (pair int (lambda string nat) unit int)
                (Pair
                   10
                   (Pair
                      { PUSH (pair unit int) (Pair Unit 0);
                        PAIR;
                        { UNPAIR;
                          SWAP;
                          {  };
                          { { DUP }; SIZE };
                          DIP { DROP 2 } } }
                      (Pair Unit 0)));
              PAIR;
              { UNPAIR;
                UNPAIR 3;
                DIG 3;
                {  };
                DUP;
                {  };
                DROP 5;
                PUSH int 42 } }
        , StackItem:
          siLigoDesc: elem EURO.some_const of int
          siValue: 10
        , StackItem:
          siLigoDesc: elem String.length of string -> nat
          siValue:
            { PUSH (pair unit int) (Pair Unit 0);
              PAIR;
              { UNPAIR; SWAP; {  }; { { DUP }; SIZE }; DIP { DROP 2 } } } ] ]
InterpretSnapshot:
  isStatus: running / upon function call
  isStackFrames:
    [ StackFrame:
      sfName: main
      sfLoc: test/contracts/constant_as_statement.mligo@21:53-21:82
      sfStack:
        [ StackItem:
          siLigoDesc: elem y of int
          siValue: 12
        , StackItem:
          siLigoDesc: elem res of int
          siValue: 100
        , StackItem:
          siLigoDesc: elem some_int of (None of (unit) | Some of (int))
          siValue: Some 993
        , StackItem:
          siLigoDesc: elem s of int
          siValue: 0
        , StackItem:
          siLigoDesc: elem get_const of unit -> int
          siValue:
            { PUSH
                (pair
                  (lambda unit string)
                  (lambda unit int)
                  int
                  (lambda string nat)
                  unit
                  int)
                (Pair
                   { PUSH
                       (pair (lambda unit int) int (lambda string nat) unit int)
                       (Pair
                          { PUSH
                              (pair int (lambda string nat) unit int)
                              (Pair
                                 10
                                 (Pair
                                    { PUSH (pair unit int) (Pair Unit 0);
                                      PAIR;
                                      { UNPAIR;
                                        SWAP;
                                        {  };
                                        { { DUP }; SIZE };
                                        DIP { DROP 2 } } }
                                    (Pair Unit 0)));
                            PAIR;
                            { UNPAIR;
                              UNPAIR 3;
                              DIG 3;
                              {  };
                              DUP;
                              {  };
                              DROP 5;
                              PUSH int 42 } }
                          (Pair
                             10
                             (Pair
                                { PUSH (pair unit int) (Pair Unit 0);
                                  PAIR;
                                  { UNPAIR;
                                    SWAP;
                                    {  };
                                    { { DUP }; SIZE };
                                    DIP { DROP 2 } } }
                                (Pair Unit 0))));
                     PAIR;
                     { UNPAIR;
                       UNPAIR 4;
                       DIG 4;
                       {  };
                       DUP;
                       {  };
                       DROP 6;
                       PUSH string "100" } }
                   (Pair
                      { PUSH
                          (pair int (lambda string nat) unit int)
                          (Pair
                             10
                             (Pair
                                { PUSH (pair unit int) (Pair Unit 0);
                                  PAIR;
                                  { UNPAIR;
                                    SWAP;
                                    {  };
                                    { { DUP }; SIZE };
                                    DIP { DROP 2 } } }
                                (Pair Unit 0)));
                        PAIR;
                        { UNPAIR;
                          UNPAIR 3;
                          DIG 3;
                          {  };
                          DUP;
                          {  };
                          DROP 5;
                          PUSH int 42 } }
                      (Pair
                         10
                         (Pair
                            { PUSH (pair unit int) (Pair Unit 0);
                              PAIR;
                              { UNPAIR;
                                SWAP;
                                {  };
                                { { DUP }; SIZE };
                                DIP { DROP 2 } } }
                            (Pair Unit 0)))));
              PAIR;
              { UNPAIR;
                UNPAIR 5;
                DIG 5;
                {  };
                DUP;
                {  };
                DUP 5;
                DIP { DROP 7 } } }
        , StackItem:
          siLigoDesc: elem get_verbatim of unit -> string
          siValue:
            { PUSH
                (pair (lambda unit int) int (lambda string nat) unit int)
                (Pair
                   { PUSH
                       (pair int (lambda string nat) unit int)
                       (Pair
                          10
                          (Pair
                             { PUSH (pair unit int) (Pair Unit 0);
                               PAIR;
                               { UNPAIR;
                                 SWAP;
                                 {  };
                                 { { DUP }; SIZE };
                                 DIP { DROP 2 } } }
                             (Pair Unit 0)));
                     PAIR;
                     { UNPAIR;
                       UNPAIR 3;
                       DIG 3;
                       {  };
                       DUP;
                       {  };
                       DROP 5;
                       PUSH int 42 } }
                   (Pair
                      10
                      (Pair
                         { PUSH (pair unit int) (Pair Unit 0);
                           PAIR;
                           { UNPAIR;
                             SWAP;
                             {  };
                             { { DUP }; SIZE };
                             DIP { DROP 2 } } }
                         (Pair Unit 0))));
              PAIR;
              { UNPAIR;
                UNPAIR 4;
                DIG 4;
                {  };
                DUP;
                {  };
                DROP 6;
                PUSH string "100" } }
        , StackItem:
          siLigoDesc: elem get_val of unit -> int
          siValue:
            { PUSH
                (pair int (lambda string nat) unit int)
                (Pair
                   10
                   (Pair
                      { PUSH (pair unit int) (Pair Unit 0);
                        PAIR;
                        { UNPAIR;
                          SWAP;
                          {  };
                          { { DUP }; SIZE };
                          DIP { DROP 2 } } }
                      (Pair Unit 0)));
              PAIR;
              { UNPAIR;
                UNPAIR 3;
                DIG 3;
                {  };
                DUP;
                {  };
                DROP 5;
                PUSH int 42 } }
        , StackItem:
          siLigoDesc: elem EURO.some_const of int
          siValue: 10
        , StackItem:
          siLigoDesc: elem String.length of string -> nat
          siValue:
            { PUSH (pair unit int) (Pair Unit 0);
              PAIR;
              { UNPAIR; SWAP; {  }; { { DUP }; SIZE }; DIP { DROP 2 } } } ] ]
InterpretSnapshot:
  isStatus: running / upon function call
  isStackFrames:
    [ StackFrame:
      sfName: main
      sfLoc: test/contracts/constant_as_statement.mligo@21:67-21:81
      sfStack:
        [ StackItem:
          siLigoDesc: elem y of int
          siValue: 12
        , StackItem:
          siLigoDesc: elem res of int
          siValue: 100
        , StackItem:
          siLigoDesc: elem some_int of (None of (unit) | Some of (int))
          siValue: Some 993
        , StackItem:
          siLigoDesc: elem s of int
          siValue: 0
        , StackItem:
          siLigoDesc: elem get_const of unit -> int
          siValue:
            { PUSH
                (pair
                  (lambda unit string)
                  (lambda unit int)
                  int
                  (lambda string nat)
                  unit
                  int)
                (Pair
                   { PUSH
                       (pair (lambda unit int) int (lambda string nat) unit int)
                       (Pair
                          { PUSH
                              (pair int (lambda string nat) unit int)
                              (Pair
                                 10
                                 (Pair
                                    { PUSH (pair unit int) (Pair Unit 0);
                                      PAIR;
                                      { UNPAIR;
                                        SWAP;
                                        {  };
                                        { { DUP }; SIZE };
                                        DIP { DROP 2 } } }
                                    (Pair Unit 0)));
                            PAIR;
                            { UNPAIR;
                              UNPAIR 3;
                              DIG 3;
                              {  };
                              DUP;
                              {  };
                              DROP 5;
                              PUSH int 42 } }
                          (Pair
                             10
                             (Pair
                                { PUSH (pair unit int) (Pair Unit 0);
                                  PAIR;
                                  { UNPAIR;
                                    SWAP;
                                    {  };
                                    { { DUP }; SIZE };
                                    DIP { DROP 2 } } }
                                (Pair Unit 0))));
                     PAIR;
                     { UNPAIR;
                       UNPAIR 4;
                       DIG 4;
                       {  };
                       DUP;
                       {  };
                       DROP 6;
                       PUSH string "100" } }
                   (Pair
                      { PUSH
                          (pair int (lambda string nat) unit int)
                          (Pair
                             10
                             (Pair
                                { PUSH (pair unit int) (Pair Unit 0);
                                  PAIR;
                                  { UNPAIR;
                                    SWAP;
                                    {  };
                                    { { DUP }; SIZE };
                                    DIP { DROP 2 } } }
                                (Pair Unit 0)));
                        PAIR;
                        { UNPAIR;
                          UNPAIR 3;
                          DIG 3;
                          {  };
                          DUP;
                          {  };
                          DROP 5;
                          PUSH int 42 } }
                      (Pair
                         10
                         (Pair
                            { PUSH (pair unit int) (Pair Unit 0);
                              PAIR;
                              { UNPAIR;
                                SWAP;
                                {  };
                                { { DUP }; SIZE };
                                DIP { DROP 2 } } }
                            (Pair Unit 0)))));
              PAIR;
              { UNPAIR;
                UNPAIR 5;
                DIG 5;
                {  };
                DUP;
                {  };
                DUP 5;
                DIP { DROP 7 } } }
        , StackItem:
          siLigoDesc: elem get_verbatim of unit -> string
          siValue:
            { PUSH
                (pair (lambda unit int) int (lambda string nat) unit int)
                (Pair
                   { PUSH
                       (pair int (lambda string nat) unit int)
                       (Pair
                          10
                          (Pair
                             { PUSH (pair unit int) (Pair Unit 0);
                               PAIR;
                               { UNPAIR;
                                 SWAP;
                                 {  };
                                 { { DUP }; SIZE };
                                 DIP { DROP 2 } } }
                             (Pair Unit 0)));
                     PAIR;
                     { UNPAIR;
                       UNPAIR 3;
                       DIG 3;
                       {  };
                       DUP;
                       {  };
                       DROP 5;
                       PUSH int 42 } }
                   (Pair
                      10
                      (Pair
                         { PUSH (pair unit int) (Pair Unit 0);
                           PAIR;
                           { UNPAIR;
                             SWAP;
                             {  };
                             { { DUP }; SIZE };
                             DIP { DROP 2 } } }
                         (Pair Unit 0))));
              PAIR;
              { UNPAIR;
                UNPAIR 4;
                DIG 4;
                {  };
                DUP;
                {  };
                DROP 6;
                PUSH string "100" } }
        , StackItem:
          siLigoDesc: elem get_val of unit -> int
          siValue:
            { PUSH
                (pair int (lambda string nat) unit int)
                (Pair
                   10
                   (Pair
                      { PUSH (pair unit int) (Pair Unit 0);
                        PAIR;
                        { UNPAIR;
                          SWAP;
                          {  };
                          { { DUP }; SIZE };
                          DIP { DROP 2 } } }
                      (Pair Unit 0)));
              PAIR;
              { UNPAIR;
                UNPAIR 3;
                DIG 3;
                {  };
                DUP;
                {  };
                DROP 5;
                PUSH int 42 } }
        , StackItem:
          siLigoDesc: elem EURO.some_const of int
          siValue: 10
        , StackItem:
          siLigoDesc: elem String.length of string -> nat
          siValue:
            { PUSH (pair unit int) (Pair Unit 0);
              PAIR;
              { UNPAIR; SWAP; {  }; { { DUP }; SIZE }; DIP { DROP 2 } } } ] ]
InterpretSnapshot:
  isStatus: running / upon function call
  isStackFrames:
    [ StackFrame:
      sfName: main
      sfLoc: test/contracts/constant_as_statement.mligo@21:41-21:50
      sfStack:
        [ StackItem:
          siLigoDesc: elem y of int
          siValue: 12
        , StackItem:
          siLigoDesc: elem res of int
          siValue: 100
        , StackItem:
          siLigoDesc: elem some_int of (None of (unit) | Some of (int))
          siValue: Some 993
        , StackItem:
          siLigoDesc: elem s of int
          siValue: 0
        , StackItem:
          siLigoDesc: elem get_const of unit -> int
          siValue:
            { PUSH
                (pair
                  (lambda unit string)
                  (lambda unit int)
                  int
                  (lambda string nat)
                  unit
                  int)
                (Pair
                   { PUSH
                       (pair (lambda unit int) int (lambda string nat) unit int)
                       (Pair
                          { PUSH
                              (pair int (lambda string nat) unit int)
                              (Pair
                                 10
                                 (Pair
                                    { PUSH (pair unit int) (Pair Unit 0);
                                      PAIR;
                                      { UNPAIR;
                                        SWAP;
                                        {  };
                                        { { DUP }; SIZE };
                                        DIP { DROP 2 } } }
                                    (Pair Unit 0)));
                            PAIR;
                            { UNPAIR;
                              UNPAIR 3;
                              DIG 3;
                              {  };
                              DUP;
                              {  };
                              DROP 5;
                              PUSH int 42 } }
                          (Pair
                             10
                             (Pair
                                { PUSH (pair unit int) (Pair Unit 0);
                                  PAIR;
                                  { UNPAIR;
                                    SWAP;
                                    {  };
                                    { { DUP }; SIZE };
                                    DIP { DROP 2 } } }
                                (Pair Unit 0))));
                     PAIR;
                     { UNPAIR;
                       UNPAIR 4;
                       DIG 4;
                       {  };
                       DUP;
                       {  };
                       DROP 6;
                       PUSH string "100" } }
                   (Pair
                      { PUSH
                          (pair int (lambda string nat) unit int)
                          (Pair
                             10
                             (Pair
                                { PUSH (pair unit int) (Pair Unit 0);
                                  PAIR;
                                  { UNPAIR;
                                    SWAP;
                                    {  };
                                    { { DUP }; SIZE };
                                    DIP { DROP 2 } } }
                                (Pair Unit 0)));
                        PAIR;
                        { UNPAIR;
                          UNPAIR 3;
                          DIG 3;
                          {  };
                          DUP;
                          {  };
                          DROP 5;
                          PUSH int 42 } }
                      (Pair
                         10
                         (Pair
                            { PUSH (pair unit int) (Pair Unit 0);
                              PAIR;
                              { UNPAIR;
                                SWAP;
                                {  };
                                { { DUP }; SIZE };
                                DIP { DROP 2 } } }
                            (Pair Unit 0)))));
              PAIR;
              { UNPAIR;
                UNPAIR 5;
                DIG 5;
                {  };
                DUP;
                {  };
                DUP 5;
                DIP { DROP 7 } } }
        , StackItem:
          siLigoDesc: elem get_verbatim of unit -> string
          siValue:
            { PUSH
                (pair (lambda unit int) int (lambda string nat) unit int)
                (Pair
                   { PUSH
                       (pair int (lambda string nat) unit int)
                       (Pair
                          10
                          (Pair
                             { PUSH (pair unit int) (Pair Unit 0);
                               PAIR;
                               { UNPAIR;
                                 SWAP;
                                 {  };
                                 { { DUP }; SIZE };
                                 DIP { DROP 2 } } }
                             (Pair Unit 0)));
                     PAIR;
                     { UNPAIR;
                       UNPAIR 3;
                       DIG 3;
                       {  };
                       DUP;
                       {  };
                       DROP 5;
                       PUSH int 42 } }
                   (Pair
                      10
                      (Pair
                         { PUSH (pair unit int) (Pair Unit 0);
                           PAIR;
                           { UNPAIR;
                             SWAP;
                             {  };
                             { { DUP }; SIZE };
                             DIP { DROP 2 } } }
                         (Pair Unit 0))));
              PAIR;
              { UNPAIR;
                UNPAIR 4;
                DIG 4;
                {  };
                DUP;
                {  };
                DROP 6;
                PUSH string "100" } }
        , StackItem:
          siLigoDesc: elem get_val of unit -> int
          siValue:
            { PUSH
                (pair int (lambda string nat) unit int)
                (Pair
                   10
                   (Pair
                      { PUSH (pair unit int) (Pair Unit 0);
                        PAIR;
                        { UNPAIR;
                          SWAP;
                          {  };
                          { { DUP }; SIZE };
                          DIP { DROP 2 } } }
                      (Pair Unit 0)));
              PAIR;
              { UNPAIR;
                UNPAIR 3;
                DIG 3;
                {  };
                DUP;
                {  };
                DROP 5;
                PUSH int 42 } }
        , StackItem:
          siLigoDesc: elem EURO.some_const of int
          siValue: 10
        , StackItem:
          siLigoDesc: elem String.length of string -> nat
          siValue:
            { PUSH (pair unit int) (Pair Unit 0);
              PAIR;
              { UNPAIR; SWAP; {  }; { { DUP }; SIZE }; DIP { DROP 2 } } } ] ]
InterpretSnapshot:
  isStatus: terminated ok
  isStackFrames:
    [ StackFrame:
      sfName: main
      sfLoc: test/contracts/constant_as_statement.mligo@21:4-21:96
      sfStack:
        [ StackItem:
          siLigoDesc: elem ? of 
          siValue: Pair { } 167
        , StackItem:
          siLigoDesc: elem ? of 
          siValue: 0 ] ]